<span class="ansi-color-fg-default ansi-color-bg-default"></span><span class="ansi-color-fg-31 ansi-color-bg-default">this is red</span><span class="ansi-color-fg-default ansi-color-bg-default">
</span>
