<span class="ansi-color-fg-default ansi-color-bg-default">    </span><span class="ansi-color-fg-default ansi-color-bg-default"></span><span class="ansi-color-fg-default ansi-color-bg-default">                                                                                     </span><span class="ansi-color-fg-default ansi-color-bg-default">
   </span><span class="ansi-color-fg-default ansi-color-bg-default">    </span><span class="ansi-color-fg-default ansi-color-bg-default"></span><span class="ansi-color-fg-5-223 ansi-color-bg-default">▄▄</span><span class="ansi-color-fg-5-223 ansi-color-bg-default">  </span><span class="ansi-color-fg-5-223 ansi-color-bg-default">▄▄</span><span class="ansi-color-fg-5-223 ansi-color-bg-default">  </span><span class="ansi-color-fg-5-223 ansi-color-bg-default">▄▄▄▄</span><span class="ansi-color-fg-5-223 ansi-color-bg-default">     </span><span class="ansi-color-fg-5-223 ansi-color-bg-default">▄▄▄</span><span class="ansi-color-fg-5-223 ansi-color-bg-default">   </span><span class="ansi-color-fg-5-223 ansi-color-bg-default">▄▄▄▄▄</span><span class="ansi-color-fg-5-223 ansi-color-bg-default"> </span><span class="ansi-color-fg-5-223 ansi-color-bg-default">                                                     </span><span class="ansi-color-fg-default ansi-color-bg-default">
   </span><span class="ansi-color-fg-default ansi-color-bg-default">    </span><span class="ansi-color-fg-default ansi-color-bg-default"></span><span class="ansi-color-fg-default ansi-color-bg-5-223">  </span><span class="ansi-color-fg-default ansi-color-bg-default">  </span><span class="ansi-color-fg-default ansi-color-bg-5-223">  </span><span class="ansi-color-fg-default ansi-color-bg-default"> </span><span class="ansi-color-fg-default ansi-color-bg-5-223">  </span><span class="ansi-color-fg-default ansi-color-bg-default">  </span><span class="ansi-color-fg-5-223 ansi-color-bg-default">▀▀</span><span class="ansi-color-fg-5-223 ansi-color-bg-default">  </span><span class="ansi-color-fg-5-223 ansi-color-bg-default">▄</span><span class="ansi-color-fg-5-223 ansi-color-bg-5-223">▄</span><span class="ansi-color-fg-5-223 ansi-color-bg-default">▀</span><span class="ansi-color-fg-5-223 ansi-color-bg-default"> </span><span class="ansi-color-fg-5-223 ansi-color-bg-default">▀</span><span class="ansi-color-fg-5-223 ansi-color-bg-5-223"> </span><span class="ansi-color-fg-5-223 ansi-color-bg-default">▄</span><span class="ansi-color-fg-5-223 ansi-color-bg-default"> </span><span class="ansi-color-fg-5-223 ansi-color-bg-5-223">  </span><span class="ansi-color-fg-5-223 ansi-color-bg-default">  </span><span class="ansi-color-fg-5-223 ansi-color-bg-5-223">  </span><span class="ansi-color-fg-5-223 ansi-color-bg-default"></span><span class="ansi-color-fg-5-223 ansi-color-bg-default">       </span><span class="ansi-color-fg-5-223 ansi-color-bg-default">You Suck at Programming</span><span class="ansi-color-fg-default ansi-color-bg-default">                       </span><span class="ansi-color-fg-default ansi-color-bg-default">
   </span><span class="ansi-color-fg-default ansi-color-bg-default">    </span><span class="ansi-color-fg-default ansi-color-bg-default"> </span><span class="ansi-color-fg-5-223 ansi-color-bg-default">▀</span><span class="ansi-color-fg-5-223 ansi-color-bg-5-223">  </span><span class="ansi-color-fg-5-223 ansi-color-bg-default">▀</span><span class="ansi-color-fg-5-223 ansi-color-bg-default">   </span><span class="ansi-color-fg-5-223 ansi-color-bg-default">▀▀▀▀</span><span class="ansi-color-fg-5-223 ansi-color-bg-5-223"> </span><span class="ansi-color-fg-5-223 ansi-color-bg-default">▄</span><span class="ansi-color-fg-5-223 ansi-color-bg-default"> </span><span class="ansi-color-fg-5-223 ansi-color-bg-5-223">  </span><span class="ansi-color-fg-5-223 ansi-color-bg-default">▄▄▄</span><span class="ansi-color-fg-5-223 ansi-color-bg-5-223">  </span><span class="ansi-color-fg-5-223 ansi-color-bg-default"> </span><span class="ansi-color-fg-5-223 ansi-color-bg-5-223">  </span><span class="ansi-color-fg-5-223 ansi-color-bg-default">▄▄</span><span class="ansi-color-fg-5-223 ansi-color-bg-5-223"> </span><span class="ansi-color-fg-5-223 ansi-color-bg-default">▀</span><span class="ansi-color-fg-5-223 ansi-color-bg-default"></span><span class="ansi-color-fg-5-223 ansi-color-bg-default">       </span><span class="ansi-color-fg-5-223 ansi-color-bg-default">Episodes and guide by dave eddy</span><span class="ansi-color-fg-default ansi-color-bg-default">               </span><span class="ansi-color-fg-default ansi-color-bg-default">
   </span><span class="ansi-color-fg-default ansi-color-bg-default">    </span><span class="ansi-color-fg-default ansi-color-bg-default">  </span><span class="ansi-color-fg-default ansi-color-bg-5-223">  </span><span class="ansi-color-fg-default ansi-color-bg-default">   </span><span class="ansi-color-fg-5-223 ansi-color-bg-default">▀</span><span class="ansi-color-fg-5-223 ansi-color-bg-5-223"> </span><span class="ansi-color-fg-5-223 ansi-color-bg-default">▄▄▄</span><span class="ansi-color-fg-5-223 ansi-color-bg-5-223"> </span><span class="ansi-color-fg-5-223 ansi-color-bg-default">▀</span><span class="ansi-color-fg-5-223 ansi-color-bg-default"> </span><span class="ansi-color-fg-5-223 ansi-color-bg-5-223">  </span><span class="ansi-color-fg-5-223 ansi-color-bg-default">   </span><span class="ansi-color-fg-5-223 ansi-color-bg-5-223">  </span><span class="ansi-color-fg-5-223 ansi-color-bg-default"> </span><span class="ansi-color-fg-5-223 ansi-color-bg-5-223">  </span><span class="ansi-color-fg-5-223 ansi-color-bg-default">    </span><span class="ansi-color-fg-5-223 ansi-color-bg-default">       </span><span class="ansi-color-fg-5-87 ansi-color-bg-default">https://ysap.sh | https://daveeddy.com</span><span class="ansi-color-fg-default ansi-color-bg-default">        </span><span class="ansi-color-fg-default ansi-color-bg-default">
   </span><span class="ansi-color-fg-default ansi-color-bg-default">    </span><span class="ansi-color-fg-default ansi-color-bg-default"></span><span class="ansi-color-fg-5-160 ansi-color-bg-default">▄▄▄▄▄▄▄▄▄▄▄▄▄▄▄▄▄▄▄▄▄▄▄▄▄▄▄▄▄</span><span class="ansi-color-fg-5-160 ansi-color-bg-default"></span><span class="ansi-color-fg-5-160 ansi-color-bg-default">                                                     </span><span class="ansi-color-fg-default ansi-color-bg-default">
   </span><span class="ansi-color-fg-default ansi-color-bg-default">    </span><span class="ansi-color-fg-default ansi-color-bg-default"></span><span class="ansi-color-fg-5-214 ansi-color-bg-5-202">▄▄▄▄▄▄▄▄▄▄▄▄▄▄▄▄▄▄▄▄▄▄▄▄▄▄▄▄▄</span><span class="ansi-color-fg-5-214 ansi-color-bg-default"></span><span class="ansi-color-fg-5-214 ansi-color-bg-default">       </span><span class="ansi-color-fg-5-223 ansi-color-bg-default">Source: </span><span class="ansi-color-fg-5-87 ansi-color-bg-default">https://github.com/bahamas10/ysap</span><span class="ansi-color-fg-default ansi-color-bg-default">     </span><span class="ansi-color-fg-default ansi-color-bg-default">
                                                                                         </span><span class="ansi-color-fg-default ansi-color-bg-default">
  
  </span><span class="ansi-color-fg-5-241 ansi-color-bg-default">┌─</span><span class="ansi-color-fg-default ansi-color-bg-default"></span><span class="ansi-color-fg-5-223 ansi-color-bg-default">About</span><span class="ansi-color-fg-default ansi-color-bg-default"></span><span class="ansi-color-fg-5-241 ansi-color-bg-default">───────────────────────────────┐</span><span class="ansi-color-fg-default ansi-color-bg-default"> </span><span class="ansi-color-fg-5-241 ansi-color-bg-default">┌─</span><span class="ansi-color-fg-default ansi-color-bg-default"></span><span class="ansi-color-fg-5-223 ansi-color-bg-default">Socials</span><span class="ansi-color-fg-default ansi-color-bg-default"></span><span class="ansi-color-fg-5-241 ansi-color-bg-default">───┬───────────────────────────┐</span><span class="ansi-color-fg-default ansi-color-bg-default">
  </span><span class="ansi-color-fg-5-241 ansi-color-bg-default">│</span><span class="ansi-color-fg-default ansi-color-bg-default">                                     </span><span class="ansi-color-fg-5-241 ansi-color-bg-default">│</span><span class="ansi-color-fg-default ansi-color-bg-default"> </span><span class="ansi-color-fg-5-241 ansi-color-bg-default">│</span><span class="ansi-color-fg-default ansi-color-bg-default">           </span><span class="ansi-color-fg-5-241 ansi-color-bg-default">│</span><span class="ansi-color-fg-default ansi-color-bg-default">                           </span><span class="ansi-color-fg-5-241 ansi-color-bg-default">│</span><span class="ansi-color-fg-default ansi-color-bg-default">
  </span><span class="ansi-color-fg-5-241 ansi-color-bg-default">│</span><span class="ansi-color-fg-default ansi-color-bg-default"> </span><span class="ansi-color-fg-5-87 ansi-color-bg-default">Yo what's up everyone my name's</span><span class="ansi-color-fg-default ansi-color-bg-default">     </span><span class="ansi-color-fg-5-241 ansi-color-bg-default">│</span><span class="ansi-color-fg-default ansi-color-bg-default"> </span><span class="ansi-color-fg-5-241 ansi-color-bg-default">│</span><span class="ansi-color-fg-default ansi-color-bg-default"> </span><span class="ansi-color-fg-5-211 ansi-color-bg-default">Instagram</span><span class="ansi-color-fg-default ansi-color-bg-default"> </span><span class="ansi-color-fg-5-241 ansi-color-bg-default">│</span><span class="ansi-color-fg-default ansi-color-bg-default"> </span><span class="ansi-italics ansi-color-fg-default ansi-color-bg-default"></span><span class="ansi-italics ansi-color-fg-5-211 ansi-color-bg-default">https://ysap.sh/instagram</span><span class="ansi-color-fg-default ansi-color-bg-default"> </span><span class="ansi-color-fg-5-241 ansi-color-bg-default">│</span><span class="ansi-color-fg-default ansi-color-bg-default">
  </span><span class="ansi-color-fg-5-241 ansi-color-bg-default">│</span><span class="ansi-color-fg-default ansi-color-bg-default"> </span><span class="ansi-color-fg-5-87 ansi-color-bg-default">Dave and you suck at programming.</span><span class="ansi-color-fg-default ansi-color-bg-default">   </span><span class="ansi-color-fg-5-241 ansi-color-bg-default">│</span><span class="ansi-color-fg-default ansi-color-bg-default"> </span><span class="ansi-color-fg-5-241 ansi-color-bg-default">│</span><span class="ansi-color-fg-default ansi-color-bg-default"> </span><span class="ansi-color-fg-5-211 ansi-color-bg-default">YouTube</span><span class="ansi-color-fg-default ansi-color-bg-default">   </span><span class="ansi-color-fg-5-241 ansi-color-bg-default">│</span><span class="ansi-color-fg-default ansi-color-bg-default"> </span><span class="ansi-italics ansi-color-fg-default ansi-color-bg-default"></span><span class="ansi-italics ansi-color-fg-5-211 ansi-color-bg-default">https://ysap.sh/youtube</span><span class="ansi-color-fg-default ansi-color-bg-default">   </span><span class="ansi-color-fg-5-241 ansi-color-bg-default">│</span><span class="ansi-color-fg-default ansi-color-bg-default">
  </span><span class="ansi-color-fg-5-241 ansi-color-bg-default">│</span><span class="ansi-color-fg-default ansi-color-bg-default"> </span><span class="ansi-color-fg-5-87 ansi-color-bg-default">Connect with my socials or use this</span><span class="ansi-color-fg-default ansi-color-bg-default"> </span><span class="ansi-color-fg-5-241 ansi-color-bg-default">│</span><span class="ansi-color-fg-default ansi-color-bg-default"> </span><span class="ansi-color-fg-5-241 ansi-color-bg-default">│</span><span class="ansi-color-fg-default ansi-color-bg-default"> </span><span class="ansi-color-fg-5-211 ansi-color-bg-default">Discord</span><span class="ansi-color-fg-default ansi-color-bg-default">   </span><span class="ansi-color-fg-5-241 ansi-color-bg-default">│</span><span class="ansi-color-fg-default ansi-color-bg-default"> </span><span class="ansi-italics ansi-color-fg-default ansi-color-bg-default"></span><span class="ansi-italics ansi-color-fg-5-211 ansi-color-bg-default">https://ysap.sh/discord</span><span class="ansi-color-fg-default ansi-color-bg-default">   </span><span class="ansi-color-fg-5-241 ansi-color-bg-default">│</span><span class="ansi-color-fg-default ansi-color-bg-default">
  </span><span class="ansi-color-fg-5-241 ansi-color-bg-default">│</span><span class="ansi-color-fg-default ansi-color-bg-default"> </span><span class="ansi-color-fg-5-87 ansi-color-bg-default">site to easily find my content!</span><span class="ansi-color-fg-default ansi-color-bg-default">     </span><span class="ansi-color-fg-5-241 ansi-color-bg-default">│</span><span class="ansi-color-fg-default ansi-color-bg-default"> </span><span class="ansi-color-fg-5-241 ansi-color-bg-default">│</span><span class="ansi-color-fg-default ansi-color-bg-default"> </span><span class="ansi-color-fg-5-211 ansi-color-bg-default">Twitch</span><span class="ansi-color-fg-default ansi-color-bg-default">    </span><span class="ansi-color-fg-5-241 ansi-color-bg-default">│</span><span class="ansi-color-fg-default ansi-color-bg-default"> </span><span class="ansi-italics ansi-color-fg-default ansi-color-bg-default"></span><span class="ansi-italics ansi-color-fg-5-211 ansi-color-bg-default">https://ysap.sh/twitch</span><span class="ansi-color-fg-default ansi-color-bg-default">    </span><span class="ansi-color-fg-5-241 ansi-color-bg-default">│</span><span class="ansi-color-fg-default ansi-color-bg-default">
  </span><span class="ansi-color-fg-5-241 ansi-color-bg-default">│</span><span class="ansi-color-fg-default ansi-color-bg-default">                                     </span><span class="ansi-color-fg-5-241 ansi-color-bg-default">│</span><span class="ansi-color-fg-default ansi-color-bg-default"> </span><span class="ansi-color-fg-5-241 ansi-color-bg-default">│</span><span class="ansi-color-fg-default ansi-color-bg-default"> </span><span class="ansi-color-fg-5-211 ansi-color-bg-default">Twitter</span><span class="ansi-color-fg-default ansi-color-bg-default">   </span><span class="ansi-color-fg-5-241 ansi-color-bg-default">│</span><span class="ansi-color-fg-default ansi-color-bg-default"> </span><span class="ansi-italics ansi-color-fg-default ansi-color-bg-default"></span><span class="ansi-italics ansi-color-fg-5-211 ansi-color-bg-default">https://ysap.sh/twitter</span><span class="ansi-color-fg-default ansi-color-bg-default">   </span><span class="ansi-color-fg-5-241 ansi-color-bg-default">│</span><span class="ansi-color-fg-default ansi-color-bg-default">
  </span><span class="ansi-color-fg-5-241 ansi-color-bg-default">└─────────────────────────────────────┘</span><span class="ansi-color-fg-default ansi-color-bg-default"> </span><span class="ansi-color-fg-5-241 ansi-color-bg-default">│</span><span class="ansi-color-fg-default ansi-color-bg-default">           </span><span class="ansi-color-fg-5-241 ansi-color-bg-default">│</span><span class="ansi-color-fg-default ansi-color-bg-default">                           </span><span class="ansi-color-fg-5-241 ansi-color-bg-default">│</span><span class="ansi-color-fg-default ansi-color-bg-default">
                                          </span><span class="ansi-color-fg-5-241 ansi-color-bg-default">└───────────┴───────────────────────────┘</span><span class="ansi-color-fg-default ansi-color-bg-default">
    </span><span class="ansi-color-fg-default ansi-color-bg-default"></span><span class="ansi-color-fg-5-223 ansi-color-bg-default">Legend</span><span class="ansi-color-fg-default ansi-color-bg-default">                                                                 </span><span class="ansi-color-fg-default ansi-color-bg-default">
   </span><span class="ansi-color-fg-default ansi-color-bg-default">                          </span><span class="ansi-color-fg-default ansi-color-bg-default">                                              </span><span class="ansi-color-fg-default ansi-color-bg-default">
   </span><span class="ansi-color-fg-default ansi-color-bg-default"> </span><span class="ansi-color-fg-5-120 ansi-color-bg-default">$ curl</span><span class="ansi-color-fg-default ansi-color-bg-default"></span><span class="ansi-color-fg-5-223 ansi-color-bg-default"> ysap.sh           </span><span class="ansi-color-fg-default ansi-color-bg-default"> </span><span class="ansi-color-fg-5-87 ansi-color-bg-default"></span><span class="ansi-italics ansi-color-fg-5-87 ansi-color-bg-default">Get this page</span><span class="ansi-color-fg-default ansi-color-bg-default">                                </span><span class="ansi-color-fg-default ansi-color-bg-default">
   </span><span class="ansi-color-fg-default ansi-color-bg-default"> </span><span class="ansi-color-fg-5-120 ansi-color-bg-default">$ curl</span><span class="ansi-color-fg-default ansi-color-bg-default"></span><span class="ansi-color-fg-5-223 ansi-color-bg-default"> ysap.sh/episodes  </span><span class="ansi-color-fg-default ansi-color-bg-default"> </span><span class="ansi-color-fg-5-87 ansi-color-bg-default"></span><span class="ansi-italics ansi-color-fg-5-87 ansi-color-bg-default">Get the list of episodes in the YSAP series</span><span class="ansi-color-fg-default ansi-color-bg-default">  </span><span class="ansi-color-fg-default ansi-color-bg-default">
   </span><span class="ansi-color-fg-default ansi-color-bg-default"> </span><span class="ansi-color-fg-5-120 ansi-color-bg-default">$ curl</span><span class="ansi-color-fg-default ansi-color-bg-default"></span><span class="ansi-color-fg-5-223 ansi-color-bg-default"> ysap.sh/json      </span><span class="ansi-color-fg-default ansi-color-bg-default"> </span><span class="ansi-color-fg-5-87 ansi-color-bg-default"></span><span class="ansi-italics ansi-color-fg-5-87 ansi-color-bg-default">Get the above in JSON format</span><span class="ansi-color-fg-default ansi-color-bg-default">                 </span><span class="ansi-color-fg-default ansi-color-bg-default">
   </span><span class="ansi-color-fg-default ansi-color-bg-default"> </span><span class="ansi-color-fg-5-120 ansi-color-bg-default">$ curl</span><span class="ansi-color-fg-default ansi-color-bg-default"></span><span class="ansi-color-fg-5-223 ansi-color-bg-default"> ysap.sh/help      </span><span class="ansi-color-fg-default ansi-color-bg-default"> </span><span class="ansi-color-fg-5-87 ansi-color-bg-default"></span><span class="ansi-italics ansi-color-fg-5-87 ansi-color-bg-default">Get the full list of available endpoints</span><span class="ansi-color-fg-default ansi-color-bg-default">     </span><span class="ansi-color-fg-default ansi-color-bg-default">
                                                                           </span><span class="ansi-color-fg-default ansi-color-bg-default">
</span>
